// Jest Snapshot v1, https://goo.gl/fbAQLP

exports[`FileListComponent should match snapshot 1`] = `
<body>
  <div>
    <div
      class="filelists"
      data-testid="FileListComponent"
    >
      <section
        class="file-row"
        data-testid="FileListComponents"
      />
    </div>
  </div>
</body>
`;
