// Jest Snapshot v1, https://goo.gl/fbAQLP

exports[`FileListComponent should match snapshot 1`] = `
<body>
  <div>
    <div
      data-testid="FileListComponents"
    />
  </div>
</body>
`;
