// Jest Snapshot v1, https://goo.gl/fbAQLP

exports[`Backward should match snapshot 1`] = `
<body>
  <div>
    <img
      alt="backward"
      class="backward"
      data-testid="reverse"
      src="./back.svg"
    />
  </div>
</body>
`;
