// Jest Snapshot v1, https://goo.gl/fbAQLP

exports[`Forward should match snapshot 1`] = `
<body>
  <div>
    <img
      alt="forward"
      class="forward"
      data-testid="forward"
      src="./forward.svg"
    />
  </div>
</body>
`;
