// Jest Snapshot v1, https://goo.gl/fbAQLP

exports[`Play should match snapshot 1`] = `
<body>
  <div>
    <img
      alt="stop"
      class="stop"
      data-testid="pause"
      src="./pause.svg"
    />
  </div>
</body>
`;
