// Jest Snapshot v1, https://goo.gl/fbAQLP

exports[`Sound should match snapshot 1`] = `
<body>
  <div>
    <img
      alt="sound"
      class="sound"
      data-testid="sound"
      src="./sound.svg"
    />
  </div>
</body>
`;
