// Jest Snapshot v1, https://goo.gl/fbAQLP

exports[`ImageFramesComponent should match snapshot 1`] = `
<body>
  <div>
    <div
      class="image-container"
      data-testid="ImageFramesComponent"
    >
      <img
        alt=""
        class="images"
        src="image.png"
      />
    </div>
  </div>
</body>
`;
