// Jest Snapshot v1, https://goo.gl/fbAQLP

exports[`Play should match snapshot 1`] = `
<body>
  <div>
    <img
      alt="play"
      class="play"
      data-testid="play"
      src="./play.svg"
    />
  </div>
</body>
`;
