// Jest Snapshot v1, https://goo.gl/fbAQLP

exports[`SpinnerComponent should match snapshot 1`] = `
<body>
  <div>
    <div
      data-testid="spinner"
    >
      <div
        class="lds-dual-ring"
      />
    </div>
  </div>
</body>
`;
